// Jest Snapshot v1, https://goo.gl/fbAQLP

exports[`Todolist/AppWithRedux AppWithReduxStory smoke-test 1`] = `
<div class="App">
  <header class="MuiPaper-root MuiPaper-elevation MuiPaper-elevation4 MuiAppBar-root MuiAppBar-colorPrimary MuiAppBar-positionStatic css-hip9hq-MuiPaper-root-MuiAppBar-root">
    <div class="MuiToolbar-root MuiToolbar-gutters MuiToolbar-regular css-hyum1k-MuiToolbar-root">
      <button class="MuiButtonBase-root MuiIconButton-root MuiIconButton-colorInherit MuiIconButton-edgeStart MuiIconButton-sizeMedium css-1d6w9lk-MuiButtonBase-root-MuiIconButton-root"
              tabindex="0"
              type="button"
              aria-label="menu"
      >
        <svg class="MuiSvgIcon-root MuiSvgIcon-fontSizeMedium css-i4bv87-MuiSvgIcon-root"
             focusable="false"
             aria-hidden="true"
             viewbox="0 0 24 24"
             data-testid="MenuIcon"
        >
          <path d="M3 18h18v-2H3v2zm0-5h18v-2H3v2zm0-7v2h18V6H3z">
          </path>
        </svg>
        <span class="MuiTouchRipple-root css-8je8zh-MuiTouchRipple-root">
        </span>
      </button>
      <h6 class="MuiTypography-root MuiTypography-h6 css-2ulfj5-MuiTypography-root">
        News
      </h6>
      <button class="MuiButtonBase-root MuiButton-root MuiButton-text MuiButton-textInherit MuiButton-sizeMedium MuiButton-textSizeMedium MuiButton-colorInherit MuiButton-root MuiButton-text MuiButton-textInherit MuiButton-sizeMedium MuiButton-textSizeMedium MuiButton-colorInherit css-1y942vo-MuiButtonBase-root-MuiButton-root"
              tabindex="0"
              type="button"
      >
        Login
        <span class="MuiTouchRipple-root css-8je8zh-MuiTouchRipple-root">
        </span>
      </button>
    </div>
  </header>
  <div class="MuiContainer-root MuiContainer-maxWidthLg MuiContainer-fixed css-1ss2ei0-MuiContainer-root">
    <div class="MuiGrid-root MuiGrid-container css-11lq3yg-MuiGrid-root"
         style="padding: 20px;"
    >
      <div>
        <div class="MuiFormControl-root MuiTextField-root css-1u3bzj6-MuiFormControl-root-MuiTextField-root">
          <label class="MuiFormLabel-root MuiInputLabel-root MuiInputLabel-formControl MuiInputLabel-animated MuiInputLabel-outlined MuiFormLabel-colorPrimary MuiInputLabel-root MuiInputLabel-formControl MuiInputLabel-animated MuiInputLabel-outlined css-14s5rfu-MuiFormLabel-root-MuiInputLabel-root"
                 data-shrink="false"
                 for=":r0:"
                 id=":r0:-label"
          >
            Title
          </label>
          <div class="MuiInputBase-root MuiOutlinedInput-root MuiInputBase-colorPrimary MuiInputBase-formControl css-9ddj71-MuiInputBase-root-MuiOutlinedInput-root">
            <input aria-invalid="false"
                   id=":r0:"
                   type="text"
                   class="MuiInputBase-input MuiOutlinedInput-input css-1t8l2tu-MuiInputBase-input-MuiOutlinedInput-input"
                   value
            >
            <fieldset aria-hidden="true"
                      class="MuiOutlinedInput-notchedOutline css-1d3z3hw-MuiOutlinedInput-notchedOutline"
            >
              <legend class="css-yjsfm1">
                <span>
                  Title
                </span>
              </legend>
            </fieldset>
          </div>
        </div>
        <button class="MuiButtonBase-root MuiIconButton-root MuiIconButton-colorPrimary MuiIconButton-sizeMedium css-1kuq5xv-MuiButtonBase-root-MuiIconButton-root"
                tabindex="0"
                type="button"
        >
          <svg class="MuiSvgIcon-root MuiSvgIcon-fontSizeMedium css-i4bv87-MuiSvgIcon-root"
               focusable="false"
               aria-hidden="true"
               viewbox="0 0 24 24"
               data-testid="AddBoxIcon"
          >
            <path d="M19 3H5c-1.11 0-2 .9-2 2v14c0 1.1.89 2 2 2h14c1.1 0 2-.9 2-2V5c0-1.1-.9-2-2-2zm-2 10h-4v4h-2v-4H7v-2h4V7h2v4h4v2z">
            </path>
          </svg>
          <span class="MuiTouchRipple-root css-8je8zh-MuiTouchRipple-root">
          </span>
        </button>
      </div>
    </div>
    <div class="MuiGrid-root MuiGrid-container MuiGrid-spacing-xs-3 css-zow5z4-MuiGrid-root">
      <div class="MuiGrid-root MuiGrid-item css-13i4rnv-MuiGrid-root">
        <div class="MuiPaper-root MuiPaper-elevation MuiPaper-rounded MuiPaper-elevation1 css-1ps6pg7-MuiPaper-root"
             style="padding: 10px;"
        >
          <div>
            <h3>
              <span>
                What to learn
              </span>
              <button class="MuiButtonBase-root MuiIconButton-root MuiIconButton-sizeMedium css-78trlr-MuiButtonBase-root-MuiIconButton-root"
                      tabindex="0"
                      type="button"
              >
                <svg class="MuiSvgIcon-root MuiSvgIcon-fontSizeMedium css-i4bv87-MuiSvgIcon-root"
                     focusable="false"
                     aria-hidden="true"
                     viewbox="0 0 24 24"
                     data-testid="DeleteIcon"
                >
                  <path d="M6 19c0 1.1.9 2 2 2h8c1.1 0 2-.9 2-2V7H6v12zM19 4h-3.5l-1-1h-5l-1 1H5v2h14V4z">
                  </path>
                </svg>
                <span class="MuiTouchRipple-root css-8je8zh-MuiTouchRipple-root">
                </span>
              </button>
            </h3>
            <div>
              <div class="MuiFormControl-root MuiTextField-root css-1u3bzj6-MuiFormControl-root-MuiTextField-root">
                <label class="MuiFormLabel-root MuiInputLabel-root MuiInputLabel-formControl MuiInputLabel-animated MuiInputLabel-outlined MuiFormLabel-colorPrimary MuiInputLabel-root MuiInputLabel-formControl MuiInputLabel-animated MuiInputLabel-outlined css-14s5rfu-MuiFormLabel-root-MuiInputLabel-root"
                       data-shrink="false"
                       for=":r1:"
                       id=":r1:-label"
                >
                  Title
                </label>
                <div class="MuiInputBase-root MuiOutlinedInput-root MuiInputBase-colorPrimary MuiInputBase-formControl css-9ddj71-MuiInputBase-root-MuiOutlinedInput-root">
                  <input aria-invalid="false"
                         id=":r1:"
                         type="text"
                         class="MuiInputBase-input MuiOutlinedInput-input css-1t8l2tu-MuiInputBase-input-MuiOutlinedInput-input"
                         value
                  >
                  <fieldset aria-hidden="true"
                            class="MuiOutlinedInput-notchedOutline css-1d3z3hw-MuiOutlinedInput-notchedOutline"
                  >
                    <legend class="css-yjsfm1">
                      <span>
                        Title
                      </span>
                    </legend>
                  </fieldset>
                </div>
              </div>
              <button class="MuiButtonBase-root MuiIconButton-root MuiIconButton-colorPrimary MuiIconButton-sizeMedium css-1kuq5xv-MuiButtonBase-root-MuiIconButton-root"
                      tabindex="0"
                      type="button"
              >
                <svg class="MuiSvgIcon-root MuiSvgIcon-fontSizeMedium css-i4bv87-MuiSvgIcon-root"
                     focusable="false"
                     aria-hidden="true"
                     viewbox="0 0 24 24"
                     data-testid="AddBoxIcon"
                >
                  <path d="M19 3H5c-1.11 0-2 .9-2 2v14c0 1.1.89 2 2 2h14c1.1 0 2-.9 2-2V5c0-1.1-.9-2-2-2zm-2 10h-4v4h-2v-4H7v-2h4V7h2v4h4v2z">
                  </path>
                </svg>
                <span class="MuiTouchRipple-root css-8je8zh-MuiTouchRipple-root">
                </span>
              </button>
            </div>
            <div>
              <div class="is-done">
                <span class="MuiButtonBase-root MuiCheckbox-root MuiCheckbox-colorPrimary PrivateSwitchBase-root MuiCheckbox-root MuiCheckbox-colorPrimary Mui-checked MuiCheckbox-root MuiCheckbox-colorPrimary css-12wnr2w-MuiButtonBase-root-MuiCheckbox-root">
                  <input class="PrivateSwitchBase-input css-1m9pwf3"
                         type="checkbox"
                         data-indeterminate="false"
                         checked
                  >
                  <svg class="MuiSvgIcon-root MuiSvgIcon-fontSizeMedium css-i4bv87-MuiSvgIcon-root"
                       focusable="false"
                       aria-hidden="true"
                       viewbox="0 0 24 24"
                       data-testid="CheckBoxIcon"
                  >
                    <path d="M19 3H5c-1.11 0-2 .9-2 2v14c0 1.1.89 2 2 2h14c1.11 0 2-.9 2-2V5c0-1.1-.89-2-2-2zm-9 14l-5-5 1.41-1.41L10 14.17l7.59-7.59L19 8l-9 9z">
                    </path>
                  </svg>
                  <span class="MuiTouchRipple-root css-8je8zh-MuiTouchRipple-root">
                  </span>
                </span>
                <span>
                  HTML&amp;CSS
                </span>
                <button class="MuiButtonBase-root MuiIconButton-root MuiIconButton-sizeMedium css-78trlr-MuiButtonBase-root-MuiIconButton-root"
                        tabindex="0"
                        type="button"
                >
                  <svg class="MuiSvgIcon-root MuiSvgIcon-fontSizeMedium css-i4bv87-MuiSvgIcon-root"
                       focusable="false"
                       aria-hidden="true"
                       viewbox="0 0 24 24"
                       data-testid="DeleteIcon"
                  >
                    <path d="M6 19c0 1.1.9 2 2 2h8c1.1 0 2-.9 2-2V7H6v12zM19 4h-3.5l-1-1h-5l-1 1H5v2h14V4z">
                    </path>
                  </svg>
                  <span class="MuiTouchRipple-root css-8je8zh-MuiTouchRipple-root">
                  </span>
                </button>
              </div>
              <div class>
                <span class="MuiButtonBase-root MuiCheckbox-root MuiCheckbox-colorPrimary PrivateSwitchBase-root MuiCheckbox-root MuiCheckbox-colorPrimary MuiCheckbox-root MuiCheckbox-colorPrimary css-12wnr2w-MuiButtonBase-root-MuiCheckbox-root">
                  <input class="PrivateSwitchBase-input css-1m9pwf3"
                         type="checkbox"
                         data-indeterminate="false"
                  >
                  <svg class="MuiSvgIcon-root MuiSvgIcon-fontSizeMedium css-i4bv87-MuiSvgIcon-root"
                       focusable="false"
                       aria-hidden="true"
                       viewbox="0 0 24 24"
                       data-testid="CheckBoxOutlineBlankIcon"
                  >
                    <path d="M19 5v14H5V5h14m0-2H5c-1.1 0-2 .9-2 2v14c0 1.1.9 2 2 2h14c1.1 0 2-.9 2-2V5c0-1.1-.9-2-2-2z">
                    </path>
                  </svg>
                  <span class="MuiTouchRipple-root css-8je8zh-MuiTouchRipple-root">
                  </span>
                </span>
                <span>
                  JS
                </span>
                <button class="MuiButtonBase-root MuiIconButton-root MuiIconButton-sizeMedium css-78trlr-MuiButtonBase-root-MuiIconButton-root"
                        tabindex="0"
                        type="button"
                >
                  <svg class="MuiSvgIcon-root MuiSvgIcon-fontSizeMedium css-i4bv87-MuiSvgIcon-root"
                       focusable="false"
                       aria-hidden="true"
                       viewbox="0 0 24 24"
                       data-testid="DeleteIcon"
                  >
                    <path d="M6 19c0 1.1.9 2 2 2h8c1.1 0 2-.9 2-2V7H6v12zM19 4h-3.5l-1-1h-5l-1 1H5v2h14V4z">
                    </path>
                  </svg>
                  <span class="MuiTouchRipple-root css-8je8zh-MuiTouchRipple-root">
                  </span>
                </button>
              </div>
            </div>
            <div style="padding-top: 10px;">
              <button class="MuiButtonBase-root MuiButton-root MuiButton-outlined MuiButton-outlinedInherit MuiButton-sizeMedium MuiButton-outlinedSizeMedium MuiButton-colorInherit MuiButton-root MuiButton-outlined MuiButton-outlinedInherit MuiButton-sizeMedium MuiButton-outlinedSizeMedium MuiButton-colorInherit css-sbfmij-MuiButtonBase-root-MuiButton-root"
                      tabindex="0"
                      type="button"
              >
                All
                <span class="MuiTouchRipple-root css-8je8zh-MuiTouchRipple-root">
                </span>
              </button>
              <button class="MuiButtonBase-root MuiButton-root MuiButton-text MuiButton-textPrimary MuiButton-sizeMedium MuiButton-textSizeMedium MuiButton-root MuiButton-text MuiButton-textPrimary MuiButton-sizeMedium MuiButton-textSizeMedium css-1e6y48t-MuiButtonBase-root-MuiButton-root"
                      tabindex="0"
                      type="button"
              >
                Active
                <span class="MuiTouchRipple-root css-8je8zh-MuiTouchRipple-root">
                </span>
              </button>
              <button class="MuiButtonBase-root MuiButton-root MuiButton-text MuiButton-textSecondary MuiButton-sizeMedium MuiButton-textSizeMedium MuiButton-root MuiButton-text MuiButton-textSecondary MuiButton-sizeMedium MuiButton-textSizeMedium css-1d3f8j8-MuiButtonBase-root-MuiButton-root"
                      tabindex="0"
                      type="button"
              >
                Completed
                <span class="MuiTouchRipple-root css-8je8zh-MuiTouchRipple-root">
                </span>
              </button>
            </div>
          </div>
        </div>
      </div>
      <div class="MuiGrid-root MuiGrid-item css-13i4rnv-MuiGrid-root">
        <div class="MuiPaper-root MuiPaper-elevation MuiPaper-rounded MuiPaper-elevation1 css-1ps6pg7-MuiPaper-root"
             style="padding: 10px;"
        >
          <div>
            <h3>
              <span>
                What to buy
              </span>
              <button class="MuiButtonBase-root MuiIconButton-root MuiIconButton-sizeMedium css-78trlr-MuiButtonBase-root-MuiIconButton-root"
                      tabindex="0"
                      type="button"
              >
                <svg class="MuiSvgIcon-root MuiSvgIcon-fontSizeMedium css-i4bv87-MuiSvgIcon-root"
                     focusable="false"
                     aria-hidden="true"
                     viewbox="0 0 24 24"
                     data-testid="DeleteIcon"
                >
                  <path d="M6 19c0 1.1.9 2 2 2h8c1.1 0 2-.9 2-2V7H6v12zM19 4h-3.5l-1-1h-5l-1 1H5v2h14V4z">
                  </path>
                </svg>
                <span class="MuiTouchRipple-root css-8je8zh-MuiTouchRipple-root">
                </span>
              </button>
            </h3>
            <div>
              <div class="MuiFormControl-root MuiTextField-root css-1u3bzj6-MuiFormControl-root-MuiTextField-root">
                <label class="MuiFormLabel-root MuiInputLabel-root MuiInputLabel-formControl MuiInputLabel-animated MuiInputLabel-outlined MuiFormLabel-colorPrimary MuiInputLabel-root MuiInputLabel-formControl MuiInputLabel-animated MuiInputLabel-outlined css-14s5rfu-MuiFormLabel-root-MuiInputLabel-root"
                       data-shrink="false"
                       for=":r2:"
                       id=":r2:-label"
                >
                  Title
                </label>
                <div class="MuiInputBase-root MuiOutlinedInput-root MuiInputBase-colorPrimary MuiInputBase-formControl css-9ddj71-MuiInputBase-root-MuiOutlinedInput-root">
                  <input aria-invalid="false"
                         id=":r2:"
                         type="text"
                         class="MuiInputBase-input MuiOutlinedInput-input css-1t8l2tu-MuiInputBase-input-MuiOutlinedInput-input"
                         value
                  >
                  <fieldset aria-hidden="true"
                            class="MuiOutlinedInput-notchedOutline css-1d3z3hw-MuiOutlinedInput-notchedOutline"
                  >
                    <legend class="css-yjsfm1">
                      <span>
                        Title
                      </span>
                    </legend>
                  </fieldset>
                </div>
              </div>
              <button class="MuiButtonBase-root MuiIconButton-root MuiIconButton-colorPrimary MuiIconButton-sizeMedium css-1kuq5xv-MuiButtonBase-root-MuiIconButton-root"
                      tabindex="0"
                      type="button"
              >
                <svg class="MuiSvgIcon-root MuiSvgIcon-fontSizeMedium css-i4bv87-MuiSvgIcon-root"
                     focusable="false"
                     aria-hidden="true"
                     viewbox="0 0 24 24"
                     data-testid="AddBoxIcon"
                >
                  <path d="M19 3H5c-1.11 0-2 .9-2 2v14c0 1.1.89 2 2 2h14c1.1 0 2-.9 2-2V5c0-1.1-.9-2-2-2zm-2 10h-4v4h-2v-4H7v-2h4V7h2v4h4v2z">
                  </path>
                </svg>
                <span class="MuiTouchRipple-root css-8je8zh-MuiTouchRipple-root">
                </span>
              </button>
            </div>
            <div>
              <div class>
                <span class="MuiButtonBase-root MuiCheckbox-root MuiCheckbox-colorPrimary PrivateSwitchBase-root MuiCheckbox-root MuiCheckbox-colorPrimary MuiCheckbox-root MuiCheckbox-colorPrimary css-12wnr2w-MuiButtonBase-root-MuiCheckbox-root">
                  <input class="PrivateSwitchBase-input css-1m9pwf3"
                         type="checkbox"
                         data-indeterminate="false"
                  >
                  <svg class="MuiSvgIcon-root MuiSvgIcon-fontSizeMedium css-i4bv87-MuiSvgIcon-root"
                       focusable="false"
                       aria-hidden="true"
                       viewbox="0 0 24 24"
                       data-testid="CheckBoxOutlineBlankIcon"
                  >
                    <path d="M19 5v14H5V5h14m0-2H5c-1.1 0-2 .9-2 2v14c0 1.1.9 2 2 2h14c1.1 0 2-.9 2-2V5c0-1.1-.9-2-2-2z">
                    </path>
                  </svg>
                  <span class="MuiTouchRipple-root css-8je8zh-MuiTouchRipple-root">
                  </span>
                </span>
                <span>
                  Milk
                </span>
                <button class="MuiButtonBase-root MuiIconButton-root MuiIconButton-sizeMedium css-78trlr-MuiButtonBase-root-MuiIconButton-root"
                        tabindex="0"
                        type="button"
                >
                  <svg class="MuiSvgIcon-root MuiSvgIcon-fontSizeMedium css-i4bv87-MuiSvgIcon-root"
                       focusable="false"
                       aria-hidden="true"
                       viewbox="0 0 24 24"
                       data-testid="DeleteIcon"
                  >
                    <path d="M6 19c0 1.1.9 2 2 2h8c1.1 0 2-.9 2-2V7H6v12zM19 4h-3.5l-1-1h-5l-1 1H5v2h14V4z">
                    </path>
                  </svg>
                  <span class="MuiTouchRipple-root css-8je8zh-MuiTouchRipple-root">
                  </span>
                </button>
              </div>
              <div class="is-done">
                <span class="MuiButtonBase-root MuiCheckbox-root MuiCheckbox-colorPrimary PrivateSwitchBase-root MuiCheckbox-root MuiCheckbox-colorPrimary Mui-checked MuiCheckbox-root MuiCheckbox-colorPrimary css-12wnr2w-MuiButtonBase-root-MuiCheckbox-root">
                  <input class="PrivateSwitchBase-input css-1m9pwf3"
                         type="checkbox"
                         data-indeterminate="false"
                         checked
                  >
                  <svg class="MuiSvgIcon-root MuiSvgIcon-fontSizeMedium css-i4bv87-MuiSvgIcon-root"
                       focusable="false"
                       aria-hidden="true"
                       viewbox="0 0 24 24"
                       data-testid="CheckBoxIcon"
                  >
                    <path d="M19 3H5c-1.11 0-2 .9-2 2v14c0 1.1.89 2 2 2h14c1.11 0 2-.9 2-2V5c0-1.1-.89-2-2-2zm-9 14l-5-5 1.41-1.41L10 14.17l7.59-7.59L19 8l-9 9z">
                    </path>
                  </svg>
                  <span class="MuiTouchRipple-root css-8je8zh-MuiTouchRipple-root">
                  </span>
                </span>
                <span>
                  React Book
                </span>
                <button class="MuiButtonBase-root MuiIconButton-root MuiIconButton-sizeMedium css-78trlr-MuiButtonBase-root-MuiIconButton-root"
                        tabindex="0"
                        type="button"
                >
                  <svg class="MuiSvgIcon-root MuiSvgIcon-fontSizeMedium css-i4bv87-MuiSvgIcon-root"
                       focusable="false"
                       aria-hidden="true"
                       viewbox="0 0 24 24"
                       data-testid="DeleteIcon"
                  >
                    <path d="M6 19c0 1.1.9 2 2 2h8c1.1 0 2-.9 2-2V7H6v12zM19 4h-3.5l-1-1h-5l-1 1H5v2h14V4z">
                    </path>
                  </svg>
                  <span class="MuiTouchRipple-root css-8je8zh-MuiTouchRipple-root">
                  </span>
                </button>
              </div>
            </div>
            <div style="padding-top: 10px;">
              <button class="MuiButtonBase-root MuiButton-root MuiButton-outlined MuiButton-outlinedInherit MuiButton-sizeMedium MuiButton-outlinedSizeMedium MuiButton-colorInherit MuiButton-root MuiButton-outlined MuiButton-outlinedInherit MuiButton-sizeMedium MuiButton-outlinedSizeMedium MuiButton-colorInherit css-sbfmij-MuiButtonBase-root-MuiButton-root"
                      tabindex="0"
                      type="button"
              >
                All
                <span class="MuiTouchRipple-root css-8je8zh-MuiTouchRipple-root">
                </span>
              </button>
              <button class="MuiButtonBase-root MuiButton-root MuiButton-text MuiButton-textPrimary MuiButton-sizeMedium MuiButton-textSizeMedium MuiButton-root MuiButton-text MuiButton-textPrimary MuiButton-sizeMedium MuiButton-textSizeMedium css-1e6y48t-MuiButtonBase-root-MuiButton-root"
                      tabindex="0"
                      type="button"
              >
                Active
                <span class="MuiTouchRipple-root css-8je8zh-MuiTouchRipple-root">
                </span>
              </button>
              <button class="MuiButtonBase-root MuiButton-root MuiButton-text MuiButton-textSecondary MuiButton-sizeMedium MuiButton-textSizeMedium MuiButton-root MuiButton-text MuiButton-textSecondary MuiButton-sizeMedium MuiButton-textSizeMedium css-1d3f8j8-MuiButtonBase-root-MuiButton-root"
                      tabindex="0"
                      type="button"
              >
                Completed
                <span class="MuiTouchRipple-root css-8je8zh-MuiTouchRipple-root">
                </span>
              </button>
            </div>
          </div>
        </div>
      </div>
    </div>
  </div>
</div>
`;
